%!Adobe-FontList 1.10

%BeginFont
Handler:DirectoryHandler
FontType:Invalid
OutlineFileName:C:\Users\Anna\Documents\joannajohnson.github.io\Font\scss\font-awesome.scss
FileModTime:1415794780
%EndFont

%BeginFont
Handler:DirectoryHandler
FontType:Invalid
OutlineFileName:C:\Users\Anna\Documents\joannajohnson.github.io\Font\scss\_bordered-pulled.scss
FileModTime:1415794780
%EndFont

%BeginFont
Handler:DirectoryHandler
FontType:Invalid
OutlineFileName:C:\Users\Anna\Documents\joannajohnson.github.io\Font\scss\_core.scss
FileModTime:1415794780
%EndFont

%BeginFont
Handler:DirectoryHandler
FontType:Invalid
OutlineFileName:C:\Users\Anna\Documents\joannajohnson.github.io\Font\scss\_fixed-width.scss
FileModTime:1415794780
%EndFont

%BeginFont
Handler:DirectoryHandler
FontType:Invalid
OutlineFileName:C:\Users\Anna\Documents\joannajohnson.github.io\Font\scss\_icons.scss
FileModTime:1415794780
%EndFont

%BeginFont
Handler:DirectoryHandler
FontType:Invalid
OutlineFileName:C:\Users\Anna\Documents\joannajohnson.github.io\Font\scss\_larger.scss
FileModTime:1415794780
%EndFont

%BeginFont
Handler:DirectoryHandler
FontType:Invalid
OutlineFileName:C:\Users\Anna\Documents\joannajohnson.github.io\Font\scss\_list.scss
FileModTime:1415794780
%EndFont

%BeginFont
Handler:DirectoryHandler
FontType:Invalid
OutlineFileName:C:\Users\Anna\Documents\joannajohnson.github.io\Font\scss\_mixins.scss
FileModTime:1415794780
%EndFont

%BeginFont
Handler:DirectoryHandler
FontType:Invalid
OutlineFileName:C:\Users\Anna\Documents\joannajohnson.github.io\Font\scss\_path.scss
FileModTime:1415794780
%EndFont

%BeginFont
Handler:DirectoryHandler
FontType:Invalid
OutlineFileName:C:\Users\Anna\Documents\joannajohnson.github.io\Font\scss\_rotated-flipped.scss
FileModTime:1415794780
%EndFont

%BeginFont
Handler:DirectoryHandler
FontType:Invalid
OutlineFileName:C:\Users\Anna\Documents\joannajohnson.github.io\Font\scss\_spinning.scss
FileModTime:1415794780
%EndFont

%BeginFont
Handler:DirectoryHandler
FontType:Invalid
OutlineFileName:C:\Users\Anna\Documents\joannajohnson.github.io\Font\scss\_stacked.scss
FileModTime:1415794780
%EndFont

%BeginFont
Handler:DirectoryHandler
FontType:Invalid
OutlineFileName:C:\Users\Anna\Documents\joannajohnson.github.io\Font\scss\_variables.scss
FileModTime:1415794780
%EndFont

%BeginFont
Handler:DirectoryHandler
FontType:Invalid
OutlineFileName:C:\Users\Anna\Documents\joannajohnson.github.io\Font\less\bordered-pulled.less
FileModTime:1415794779
%EndFont

%BeginFont
Handler:DirectoryHandler
FontType:Invalid
OutlineFileName:C:\Users\Anna\Documents\joannajohnson.github.io\Font\less\core.less
FileModTime:1415794779
%EndFont

%BeginFont
Handler:DirectoryHandler
FontType:Invalid
OutlineFileName:C:\Users\Anna\Documents\joannajohnson.github.io\Font\less\fixed-width.less
FileModTime:1415794779
%EndFont

%BeginFont
Handler:DirectoryHandler
FontType:Invalid
OutlineFileName:C:\Users\Anna\Documents\joannajohnson.github.io\Font\less\font-awesome.less
FileModTime:1415794779
%EndFont

%BeginFont
Handler:DirectoryHandler
FontType:Invalid
OutlineFileName:C:\Users\Anna\Documents\joannajohnson.github.io\Font\less\icons.less
FileModTime:1415794779
%EndFont

%BeginFont
Handler:DirectoryHandler
FontType:Invalid
OutlineFileName:C:\Users\Anna\Documents\joannajohnson.github.io\Font\less\larger.less
FileModTime:1415794779
%EndFont

%BeginFont
Handler:DirectoryHandler
FontType:Invalid
OutlineFileName:C:\Users\Anna\Documents\joannajohnson.github.io\Font\less\list.less
FileModTime:1415794779
%EndFont

%BeginFont
Handler:DirectoryHandler
FontType:Invalid
OutlineFileName:C:\Users\Anna\Documents\joannajohnson.github.io\Font\less\mixins.less
FileModTime:1415794779
%EndFont

%BeginFont
Handler:DirectoryHandler
FontType:Invalid
OutlineFileName:C:\Users\Anna\Documents\joannajohnson.github.io\Font\less\path.less
FileModTime:1415794780
%EndFont

%BeginFont
Handler:DirectoryHandler
FontType:Invalid
OutlineFileName:C:\Users\Anna\Documents\joannajohnson.github.io\Font\less\rotated-flipped.less
FileModTime:1415794780
%EndFont

%BeginFont
Handler:DirectoryHandler
FontType:Invalid
OutlineFileName:C:\Users\Anna\Documents\joannajohnson.github.io\Font\less\spinning.less
FileModTime:1415794780
%EndFont

%BeginFont
Handler:DirectoryHandler
FontType:Invalid
OutlineFileName:C:\Users\Anna\Documents\joannajohnson.github.io\Font\less\stacked.less
FileModTime:1415794780
%EndFont

%BeginFont
Handler:DirectoryHandler
FontType:Invalid
OutlineFileName:C:\Users\Anna\Documents\joannajohnson.github.io\Font\less\variables.less
FileModTime:1415794780
%EndFont

%BeginFont
Handler:DirectoryHandler
FontType:Invalid
OutlineFileName:C:\Users\Anna\Documents\joannajohnson.github.io\Font\fonts\fontawesome-webfont.eot
FileModTime:1415794779
%EndFont

%BeginFont
Handler:DirectoryHandler
FontType:Invalid
OutlineFileName:C:\Users\Anna\Documents\joannajohnson.github.io\Font\fonts\fontawesome-webfont.svg
FileModTime:1415794779
%EndFont

%BeginFont
Handler:DirectoryHandler
FontType:TrueType
FontName:FontAwesome
FamilyName:FontAwesome
StyleName:Regular
FullName:FontAwesome Regular
WritingScript:Roman
OutlineFileName:C:\Users\Anna\Documents\joannajohnson.github.io\Font\fonts\fontawesome-webfont.ttf
DataFormat:sfntData
FileLength:80652
FileModTime:1415794779
WeightClass:400
WidthClass:5
AngleClass:0
%EndFont

%BeginFont
Handler:DirectoryHandler
FontType:Invalid
OutlineFileName:C:\Users\Anna\Documents\joannajohnson.github.io\Font\fonts\fontawesome-webfont.woff
FileModTime:1415794779
%EndFont

%BeginFont
Handler:DirectoryHandler
FontType:Type1
FontName:FontAwesome
FamilyName:FontAwesome
StyleName:Regular
FullName:FontAwesome
WritingScript:Roman
OutlineFileName:C:\Users\Anna\Documents\joannajohnson.github.io\Font\fonts\FontAwesome.otf
DataFormat:sfntData
UsesStandardEncoding:yes
isCFF:yes
FileLength:62856
FileModTime:1415794779
WeightClass:400
WidthClass:5
AngleClass:0
%EndFont

%BeginFont
Handler:DirectoryHandler
FontType:Invalid
OutlineFileName:C:\Users\Anna\Documents\joannajohnson.github.io\Font\fonts\glyphicons-halflings-regular.eot
FileModTime:1415794779
%EndFont

%BeginFont
Handler:DirectoryHandler
FontType:Invalid
OutlineFileName:C:\Users\Anna\Documents\joannajohnson.github.io\Font\fonts\glyphicons-halflings-regular.svg
FileModTime:1415794779
%EndFont

%BeginFont
Handler:DirectoryHandler
FontType:TrueType
FontName:GLYPHICONSHalflings-Regular
FamilyName:GLYPHICONS Halflings
StyleName:Regular
FullName:GLYPHICONS Halflings Regular
WritingScript:Roman
OutlineFileName:C:\Users\Anna\Documents\joannajohnson.github.io\Font\fonts\glyphicons-halflings-regular.ttf
DataFormat:sfntData
FileLength:41280
FileModTime:1415794779
WeightClass:400
WidthClass:5
AngleClass:0
%EndFont

%BeginFont
Handler:DirectoryHandler
FontType:Invalid
OutlineFileName:C:\Users\Anna\Documents\joannajohnson.github.io\Font\fonts\glyphicons-halflings-regular.woff
FileModTime:1415794779
%EndFont

%BeginFont
Handler:DirectoryHandler
FontType:Invalid
OutlineFileName:C:\Users\Anna\Documents\joannajohnson.github.io\Font\css\font-awesome.css
FileModTime:1415794779
%EndFont

%BeginFont
Handler:DirectoryHandler
FontType:Invalid
OutlineFileName:C:\Users\Anna\Documents\joannajohnson.github.io\Font\css\font-awesome.min.css
FileModTime:1415794779
%EndFont

